// Vitest Snapshot v1, https://vitest.dev/guide/snapshot.html

exports[`the okuma grammar > is stable 1`] = `
[
  [
    "^\\$[^%]*%",
    "programMarker",
  ],
  [
    "^\\s*%.*$",
    "programMarker",
  ],
  [
    "\\([^)]*\\)",
    "comment",
  ],
  [
    "\\([^)]*$",
    "comment",
  ],
  [
    "^\\s*[/]",
    "skip",
  ],
  [
    "^(\\s*)(N\\s*\\d{1,4}(?![0-9A-Za-z]))(\\s*)([/])",
    [
      "",
      "blockNumber",
      "",
      "skip",
    ],
  ],
  [
    "^(\\s*)(N[A-Za-z][A-Za-z0-9]{0,3}(?![0-9A-Za-z]))(\\s*)([/])",
    [
      "",
      "section",
      "",
      "skip",
    ],
  ],
  [
    "^\\s*O(?<name>[A-Z0-9]{1,4})\\s*$",
    "programMarker",
  ],
  [
    "((?:CALL|MODIN))(\\s+)(O[A-Za-z0-9]{1,4})(?![0-9A-Za-z])",
    [
      "keyword",
      "",
      "programMarker",
    ],
  ],
  [
    "(?:PSELECT|MODOUT|MODIN|WRITE|CALL|GOTO|READ|AND|END|EOR|GET|NOT|PUT|RTS|EQ|GE|GT|IF|LE|LT|NE|OR)(?![A-Za-z])",
    "keyword",
  ],
  [
    "N\\s*\\d{1,4}(?![0-9A-Za-z])",
    "blockNumber",
  ],
  [
    "N[A-Za-z][A-Za-z0-9]{0,3}(?![0-9A-Za-z])",
    "section",
  ],
  [
    "(?:V[A-Z][A-Z0-9]{3})",
    "variable",
  ],
  [
    "(?:V\\d+)",
    "variable",
  ],
  [
    "[A-Za-z]{2,8}(?=\\s*\\[)",
    "keyword",
  ],
  [
    "(?:[ADFIKLRSTUWXZ][AB]|BC|BR|QA|CL|C[PQR]|S[XYZ]|T[LDS])(?=\\s*=(?!=))",
    "keyword",
  ],
  [
    "T(?=\\s*=(?!=))",
    "tool",
  ],
  [
    "[XZCY](?=\\s*=(?!=))",
    "axis",
  ],
  [
    "[IK](?=\\s*=(?!=))",
    "arcCenter",
  ],
  [
    "F(?=\\s*=(?!=))",
    "feed",
  ],
  [
    "S(?=\\s*=(?!=))",
    "spindle",
  ],
  [
    "G\\s*\\d{1,3}(?![\\d.])",
    "gcode",
  ],
  [
    "M\\s*\\d{1,4}(?![\\d.])",
    "mcode",
  ],
  [
    "T\\s*(?:\\d{6}|\\d{4})(?!\\d)",
    "tool",
  ],
  [
    "T\\s*\\d+",
    "",
  ],
  [
    "[XZCY]\\s*[+-]?(?:\\d+\\.?\\d*|\\.\\d+)",
    "axis",
  ],
  [
    "[IK]\\s*[+-]?(?:\\d+\\.?\\d*|\\.\\d+)",
    "arcCenter",
  ],
  [
    "F\\s*[+-]?(?:\\d+\\.?\\d*|\\.\\d+)",
    "feed",
  ],
  [
    "S\\s*[+-]?(?:\\d+\\.?\\d*|\\.\\d+)",
    "spindle",
  ],
  [
    "(?:DA|SA|SB|A|B|D|E|H|J|L|O|P|Q|R|U|W)\\s*[+-]?(?:\\d+\\.?\\d*|\\.\\d+)",
    "number",
  ],
  [
    "[A-Za-z]{2}[A-Za-z0-9]{0,2}(?![0-9A-Za-z])",
    "variable",
  ],
  [
    "(?:\\d+\\.?\\d*|\\.\\d+)",
    "number",
  ],
  [
    "[=+\\-*/\\^%:<>|&,!\\[\\]]",
    "operator",
  ],
  [
    "\\s+",
    "",
  ],
]
`;
